// Jest Snapshot v1, https://goo.gl/fbAQLP

exports[`UI is unaltered wrt first snapshot 1`] = `
<h4
  style={
    Object {
      "color": "black",
      "display": "block",
      "fontSize": 30,
      "marginBottom": 50,
      "marginTop": 150,
      "paddingLeft": 200,
      "paddingRight": 200,
    }
  }
>
  Mathematics is not about numbers, equations, computations, or algorithms: it is about understanding. â€“William Paul Thurston
</h4>
`;
